[     283ms] [INFO] %cDownload the React DevTools for a better development experience: https://react.dev/link/react-devtools font-weight:bold @ http://localhost:3000/_next/static/chunks/node_modules_next_dist_1ybzpk2._.js:2477
[     344ms] [LOG] [HMR] connected @ http://localhost:3000/_next/static/chunks/node_modules_next_dist_1ybzpk2._.js:2477
[    1077ms] [ERROR] Failed to load resource: the server responded with a status of 500 (Internal Server Error) @ http://localhost:3000/api/admin/posts/published:0
[    1092ms] AxiosError: Request failed with status code 500
    at settle (http://localhost:3000/_next/static/chunks/node_modules_1d0jtys._.js:4489:16)
    at XMLHttpRequest.onloadend (http://localhost:3000/_next/static/chunks/node_modules_1d0jtys._.js:5123:174)
[   64782ms] [LOG] [Fast Refresh] rebuilding @ http://localhost:3000/_next/static/chunks/node_modules_next_dist_1ybzpk2._.js:2477
[   66621ms] [LOG] [Fast Refresh] done in 1937ms @ http://localhost:3000/_next/static/chunks/node_modules_next_dist_1ybzpk2._.js:2477
[   68088ms] [INFO] %cDownload the React DevTools for a better development experience: https://react.dev/link/react-devtools font-weight:bold @ http://localhost:3000/_next/static/chunks/node_modules_next_dist_1ybzpk2._.js:2477
[   68179ms] [LOG] [HMR] connected @ http://localhost:3000/_next/static/chunks/node_modules_next_dist_1ybzpk2._.js:2477
[   68328ms] [LOG] [Fast Refresh] rebuilding @ http://localhost:3000/_next/static/chunks/node_modules_next_dist_1ybzpk2._.js:2477
[   68389ms] [LOG] [Fast Refresh] done in 168ms @ http://localhost:3000/_next/static/chunks/node_modules_next_dist_1ybzpk2._.js:2477
[   90884ms] [LOG] [Fast Refresh] rebuilding @ http://localhost:3000/_next/static/chunks/node_modules_next_dist_1ybzpk2._.js:2477
[   91161ms] [LOG] [Fast Refresh] done in 139ms @ http://localhost:3000/_next/static/chunks/node_modules_next_dist_1ybzpk2._.js:2477
[  121838ms] [LOG] [Fast Refresh] rebuilding @ http://localhost:3000/_next/static/chunks/node_modules_next_dist_1ybzpk2._.js:2477
[  122183ms] [LOG] [Fast Refresh] done in 374ms @ http://localhost:3000/_next/static/chunks/node_modules_next_dist_1ybzpk2._.js:2477
[  141873ms] [LOG] [Fast Refresh] rebuilding @ http://localhost:3000/_next/static/chunks/node_modules_next_dist_1ybzpk2._.js:2477
[  141951ms] [LOG] [Fast Refresh] done in 151ms @ http://localhost:3000/_next/static/chunks/node_modules_next_dist_1ybzpk2._.js:2477
[  152442ms] [LOG] [Fast Refresh] rebuilding @ http://localhost:3000/_next/static/chunks/node_modules_next_dist_1ybzpk2._.js:2477
[  152505ms] [LOG] [Fast Refresh] done in 118ms @ http://localhost:3000/_next/static/chunks/node_modules_next_dist_1ybzpk2._.js:2477
[  267113ms] [LOG] [Fast Refresh] rebuilding @ http://localhost:3000/_next/static/chunks/node_modules_next_dist_1ybzpk2._.js:2477
[  267167ms] [LOG] [Fast Refresh] done in 135ms @ http://localhost:3000/_next/static/chunks/node_modules_next_dist_1ybzpk2._.js:2477
[  491382ms] [ERROR] Failed to load resource: the server responded with a status of 500 (Internal Server Error) @ http://localhost:3000/api/admin/posts/published:0
[  491407ms] AxiosError: Request failed with status code 500
    at settle (http://localhost:3000/_next/static/chunks/node_modules_axios_lib_1dybt4p._.js:2319:16)
    at XMLHttpRequest.onloadend (http://localhost:3000/_next/static/chunks/node_modules_axios_lib_1dybt4p._.js:2953:174)
[  491637ms] [ERROR] Failed to load resource: the server responded with a status of 500 (Internal Server Error) @ http://localhost:3000/api/admin/posts/published:0
[  491645ms] AxiosError: Request failed with status code 500
    at settle (http://localhost:3000/_next/static/chunks/node_modules_axios_lib_1dybt4p._.js:2319:16)
    at XMLHttpRequest.onloadend (http://localhost:3000/_next/static/chunks/node_modules_axios_lib_1dybt4p._.js:2953:174)
[  491905ms] [ERROR] Failed to load resource: the server responded with a status of 500 (Internal Server Error) @ http://localhost:3000/api/admin/posts/published:0
[  491912ms] AxiosError: Request failed with status code 500
    at settle (http://localhost:3000/_next/static/chunks/node_modules_axios_lib_1dybt4p._.js:2319:16)
    at XMLHttpRequest.onloadend (http://localhost:3000/_next/static/chunks/node_modules_axios_lib_1dybt4p._.js:2953:174)
[  492071ms] [ERROR] Failed to load resource: the server responded with a status of 500 (Internal Server Error) @ http://localhost:3000/api/admin/posts/published:0
[  492075ms] AxiosError: Request failed with status code 500
    at settle (http://localhost:3000/_next/static/chunks/node_modules_axios_lib_1dybt4p._.js:2319:16)
    at XMLHttpRequest.onloadend (http://localhost:3000/_next/static/chunks/node_modules_axios_lib_1dybt4p._.js:2953:174)
